== F4 quant matrix (fixed gate falsy-zero bug) ==
/venv/main/lib/python3.12/site-packages/huggingface_hub/constants.py:310: FutureWarning: The `HF_HUB_ENABLE_HF_TRANSFER` environment variable is deprecated as 'hf_transfer' is not used anymore. Please use `HF_XET_HIGH_PERFORMANCE` instead to enable high performance transfer with Xet. Visit https://huggingface.co/docs/huggingface_hub/package_reference/environment_variables#hfxethighperformance for more details.
  warnings.warn(
Traceback (most recent call last):
  File "/venv/main/lib/python3.12/site-packages/transformers/utils/hub.py", line 422, in cached_files
    hf_hub_download(
  File "/venv/main/lib/python3.12/site-packages/huggingface_hub/utils/_validators.py", line 84, in _inner_fn
    validate_repo_id(arg_value)
  File "/venv/main/lib/python3.12/site-packages/huggingface_hub/utils/_validators.py", line 132, in validate_repo_id
    raise HFValidationError(
huggingface_hub.errors.HFValidationError: Repo id must be in the form 'repo_name' or 'namespace/repo_name': '/workspace/phaseA_fingerprint/results/ctcc_merged_model'. Use `repo_type` argument if needed.

The above exception was the direct cause of the following exception:

Traceback (most recent call last):
  File "<frozen runpy>", line 198, in _run_module_as_main
  File "<frozen runpy>", line 88, in _run_code
  File "/workspace/phaseA_fingerprint/phasea/run_family_quant_matrix.py", line 260, in <module>
    main()
  File "/workspace/phaseA_fingerprint/phasea/run_family_quant_matrix.py", line 177, in main
    model = load_causal_lm(args.model_path, device=args.device, dtype=args.dtype)
            ^^^^^^^^^^^^^^^^^^^^^^^^^^^^^^^^^^^^^^^^^^^^^^^^^^^^^^^^^^^^^^^^^^^^^
  File "/workspace/phaseA_fingerprint/phasea/common.py", line 139, in load_causal_lm
    model = AutoModelForCausalLM.from_pretrained(model_id_or_path, **kwargs)
            ^^^^^^^^^^^^^^^^^^^^^^^^^^^^^^^^^^^^^^^^^^^^^^^^^^^^^^^^^^^^^^^^
  File "/venv/main/lib/python3.12/site-packages/transformers/models/auto/auto_factory.py", line 290, in from_pretrained
    resolved_config_file = cached_file(
                           ^^^^^^^^^^^^
  File "/venv/main/lib/python3.12/site-packages/transformers/utils/hub.py", line 278, in cached_file
    file = cached_files(path_or_repo_id=path_or_repo_id, filenames=[filename], **kwargs)
           ^^^^^^^^^^^^^^^^^^^^^^^^^^^^^^^^^^^^^^^^^^^^^^^^^^^^^^^^^^^^^^^^^^^^^^^^^^^^^
  File "/venv/main/lib/python3.12/site-packages/transformers/utils/hub.py", line 473, in cached_files
    raise OSError(f"{e}") from e
OSError: Repo id must be in the form 'repo_name' or 'namespace/repo_name': '/workspace/phaseA_fingerprint/results/ctcc_merged_model'. Use `repo_type` argument if needed.
== collecting unified CSV ==
[collect_results] skipping ctcc: results/ctcc/results_all.json not found
[collect_results] wrote 12 rows -> results/phase_a_fingerprint_quantization.csv
=== F4_V3_EXIT_CODE: 0  ===
